============================= test session starts =============================
platform win32 -- Python 3.12.0, pytest-9.0.2, pluggy-1.6.0 -- C:\Users\MUHAMMAD HANZLA\AppData\Local\Programs\Python\Python312\python.exe
cachedir: .pytest_cache
rootdir: C:\Users\MUHAMMAD HANZLA\Desktop\Rag\Business-intelligence
plugins: anyio-4.9.0, asyncio-1.3.0, cov-7.0.0, mock-3.15.1
asyncio: mode=Mode.STRICT, debug=False, asyncio_default_fixture_loop_scope=None, asyncio_default_test_loop_scope=function
collecting ... collected 10 items

tests/test_rag.py::test_embed_single_text PASSED                         [ 10%]
tests/test_rag.py::test_embed_batch_texts PASSED                         [ 20%]
tests/test_rag.py::test_embed_empty_string PASSED                        [ 30%]
tests/test_rag.py::test_embed_empty_list PASSED                          [ 40%]
tests/test_rag.py::test_embed_invalid_type PASSED                        [ 50%]
tests/test_rag.py::test_lru_cache_working PASSED                         [ 60%]
tests/test_rag.py::test_load_and_chunk_files_valid_txt PASSED            [ 70%]
tests/test_rag.py::test_load_and_chunk_files_empty_list PASSED           [ 80%]
tests/test_rag.py::test_load_and_chunk_files_invalid_path PASSED         [ 90%]
tests/test_rag.py::test_load_and_chunk_files_unsupported_ext PASSED      [100%]

============================== warnings summary ===============================
<frozen importlib._bootstrap>:488
  <frozen importlib._bootstrap>:488: DeprecationWarning: Type google._upb._message.MessageMapContainer uses PyType_Spec with a metaclass that has custom tp_new. This is deprecated and will no longer be allowed in Python 3.14.

<frozen importlib._bootstrap>:488
  <frozen importlib._bootstrap>:488: DeprecationWarning: Type google._upb._message.ScalarMapContainer uses PyType_Spec with a metaclass that has custom tp_new. This is deprecated and will no longer be allowed in Python 3.14.

..\..\..\AppData\Local\Programs\Python\Python312\Lib\site-packages\langchain_google_genai\chat_models.py:47
  C:\Users\MUHAMMAD HANZLA\AppData\Local\Programs\Python\Python312\Lib\site-packages\langchain_google_genai\chat_models.py:47: FutureWarning: 
  
  All support for the `google.generativeai` package has ended. It will no longer be receiving 
  updates or bug fixes. Please switch to the `google.genai` package as soon as possible.
  See README for more details:
  
  https://github.com/google-gemini/deprecated-generative-ai-python/blob/main/README.md
  
    from google.generativeai.caching import CachedContent  # type: ignore[import]

tests/test_rag.py::test_load_and_chunk_files_valid_txt
  C:\Users\MUHAMMAD HANZLA\Desktop\Rag\Business-intelligence\rag.py:225: DeprecationWarning: There is no current event loop
    loop = asyncio.get_event_loop()

-- Docs: https://docs.pytest.org/en/stable/how-to/capture-warnings.html
======================= 10 passed, 4 warnings in 5.04s ========================
